// Jest Snapshot v1, https://goo.gl/fbAQLP

exports[`GameArtist renders correctly 1`] = `
<section
  class="game game--artist"
>
  <header
    class="game__header"
  >
    <a
      class="game__back"
      href="#"
    >
      <span
        class="visually-hidden"
      >
        Сыграть ещё раз
      </span>
      <img
        alt="Угадай мелодию"
        class="game__logo"
        src="img/melody-logo-ginger.png"
      />
    </a>
    <svg
      class="timer"
      viewBox="0 0 780 780"
      xmlns="http://www.w3.org/2000/svg"
    >
      <circle
        class="timer__line"
        cx="390"
        cy="390"
        r="370"
        style="filter: url(#blur); transform: rotate(-90deg) scaleY(-1); transform-origin: center;"
      />
    </svg>
    <div
      class="timer__value"
      xmlns="http://www.w3.org/1999/xhtml"
    >
      <span
        class="timer__mins"
      >
        05
      </span>
      <span
        class="timer__dots"
      >
        :
      </span>
      <span
        class="timer__secs"
      >
        00
      </span>
    </div>
    <div
      class="game__mistakes"
    >
      <div
        class="wrong"
      />
      <div
        class="wrong"
      />
      <div
        class="wrong"
      />
    </div>
  </header>
  <section
    class="game__screen"
  >
    <h2
      class="game__title"
    >
      Кто исполняет эту песню?
    </h2>
    <div
      class="game__track"
    >
      <div
        class="track"
      >
        <button
          class="track__button track__button--play"
          data-testid="play-btn"
          disabled=""
          type="button"
        />
        <div
          class="track__status"
        >
          <audio
            src="https://upload.wikimedia.org/wikipedia/commons/transcoded/6/6d/National_anthem_of_Ukraine%2C_instrumental.oga/National_anthem_of_Ukraine%2C_instrumental.oga.mp3"
          />
        </div>
      </div>
    </div>
    <form
      class="game__artist"
    >
      <div
        class="artist"
        data-testid="artist-0"
      >
        <input
          class="artist__input visually-hidden"
          id="1"
          name="answer"
          type="radio"
          value="The Beatles"
        />
        <label
          class="artist__name"
          for="1"
        >
          <img
            alt="Пелагея"
            class="artist__picture"
            src="https://es31-server.appspot.com/guess-melody/static/artist/Quincas_Moreira.jpg"
          />
          The Beatles
        </label>
      </div>
      <div
        class="artist"
        data-testid="artist-1"
      >
        <input
          class="artist__input visually-hidden"
          id="2"
          name="answer"
          type="radio"
          value="Oasis"
        />
        <label
          class="artist__name"
          for="2"
        >
          <img
            alt="Пелагея"
            class="artist__picture"
            src="https://es31-server.appspot.com/guess-melody/static/artist/Density_n_Time.jpg"
          />
          Oasis
        </label>
      </div>
      <div
        class="artist"
        data-testid="artist-2"
      >
        <input
          class="artist__input visually-hidden"
          id="3"
          name="answer"
          type="radio"
          value="The Kinks"
        />
        <label
          class="artist__name"
          for="3"
        >
          <img
            alt="Пелагея"
            class="artist__picture"
            src="https://es31-server.appspot.com/guess-melody/static/artist/Endless_Love.jpg"
          />
          The Kinks
        </label>
      </div>
    </form>
  </section>
</section>
`;
