// Jest Snapshot v1, https://goo.gl/fbAQLP

exports[`GameGenre renders correctly 1`] = `
<section
  class="game game--genre"
>
  <header
    class="game__header"
  >
    <a
      class="game__back"
      href="#"
    >
      <span
        class="visually-hidden"
      >
        Сыграть ещё раз
      </span>
      <img
        alt="Угадай мелодию"
        class="game__logo"
        src="img/melody-logo-ginger.png"
      />
    </a>
    <svg
      class="timer"
      viewBox="0 0 780 780"
      xmlns="http://www.w3.org/2000/svg"
    >
      <circle
        class="timer__line"
        cx="390"
        cy="390"
        r="370"
        style="filter: url(#blur); transform: rotate(-90deg) scaleY(-1); transform-origin: center;"
      />
    </svg>
    <div
      class="timer__value"
      xmlns="http://www.w3.org/1999/xhtml"
    >
      <span
        class="timer__mins"
      >
        05
      </span>
      <span
        class="timer__dots"
      >
        :
      </span>
      <span
        class="timer__secs"
      >
        00
      </span>
    </div>
    <div
      class="game__mistakes"
    />
  </header>
  <section
    class="game__screen"
  >
    <h2
      class="game__title"
    >
      Выберите инди-рок треки
    </h2>
    <form
      action="#"
      class="game__tracks"
    >
      <div
        class="track"
      >
        <button
          class="track__button track__button--play"
          data-testid="play-btn-0"
          disabled=""
          type="button"
        />
        <div
          class="track__status"
        >
          <audio
            src="https://upload.wikimedia.org/wikipedia/commons/transcoded/6/6d/National_anthem_of_Ukraine%2C_instrumental.oga/National_anthem_of_Ukraine%2C_instrumental.oga.mp3"
          />
        </div>
        <div
          class="game__answer"
        >
          <input
            class="game__input visually-hidden"
            id="1"
            name="answer"
            type="checkbox"
            value="reggae"
          />
          <label
            class="game__check"
            for="1"
          >
            Отметить
          </label>
        </div>
      </div>
      <div
        class="track"
      >
        <button
          class="track__button track__button--play"
          data-testid="play-btn-1"
          disabled=""
          type="button"
        />
        <div
          class="track__status"
        >
          <audio
            src="https://upload.wikimedia.org/wikipedia/commons/transcoded/b/b4/United_States_Navy_Band_-_O_Canada.ogg/United_States_Navy_Band_-_O_Canada.ogg.mp3"
          />
        </div>
        <div
          class="game__answer"
        >
          <input
            class="game__input visually-hidden"
            id="2"
            name="answer"
            type="checkbox"
            value="electronic"
          />
          <label
            class="game__check"
            for="2"
          >
            Отметить
          </label>
        </div>
      </div>
      <div
        class="track"
      >
        <button
          class="track__button track__button--play"
          data-testid="play-btn-2"
          disabled=""
          type="button"
        />
        <div
          class="track__status"
        >
          <audio
            src="https://upload.wikimedia.org/wikipedia/commons/transcoded/3/30/La_Marseillaise.ogg/La_Marseillaise.ogg.mp3"
          />
        </div>
        <div
          class="game__answer"
        >
          <input
            class="game__input visually-hidden"
            id="3"
            name="answer"
            type="checkbox"
            value="country"
          />
          <label
            class="game__check"
            for="3"
          >
            Отметить
          </label>
        </div>
      </div>
      <div
        class="track"
      >
        <button
          class="track__button track__button--play"
          data-testid="play-btn-3"
          disabled=""
          type="button"
        />
        <div
          class="track__status"
        >
          <audio
            src="https://upload.wikimedia.org/wikipedia/commons/transcoded/c/c8/Marcha_Real-Royal_March_by_US_Navy_Band.ogg/Marcha_Real-Royal_March_by_US_Navy_Band.ogg.mp3"
          />
        </div>
        <div
          class="game__answer"
        >
          <input
            class="game__input visually-hidden"
            id="4"
            name="answer"
            type="checkbox"
            value="reggae"
          />
          <label
            class="game__check"
            for="4"
          >
            Отметить
          </label>
        </div>
      </div>
      <button
        class="game__submit button"
        data-testid="submit-btn"
        type="submit"
      >
        Ответить
      </button>
    </form>
  </section>
</section>
`;
